2025-01-24 20:28:08,567 - src.logger - INFO - UAV start-> (0,886) and end-> (1920,147) points localization
2025-01-24 20:28:51,657 - src.logger - INFO - UAV start-> (0,886) and end-> (1920,147) points localization
2025-01-24 20:29:11,007 - src.logger - INFO - UAV start-> (0,886) and end-> (1920,147) points localization
2025-01-24 20:29:54,690 - src.logger - INFO - UAV start-> (0,886) and end-> (1920,147) points localization
2025-01-24 20:30:21,250 - src.logger - INFO - UAV start-> (0,886) and end-> (1920,147) points localization
2025-01-24 20:30:47,254 - src.logger - INFO - UAV start-> (0,886) and end-> (1920,147) points localization
2025-01-24 20:31:13,637 - src.logger - INFO - UAV start-> (0,886) and end-> (1920,147) points localization
2025-01-24 20:36:27,148 - src.logger - INFO - UAV start-> (0,886) and end-> (1920,147) points localization
2025-01-24 20:37:23,817 - src.logger - INFO - UAV start-> (0,886) and end-> (1920,147) points localization
2025-01-24 20:40:42,747 - src.logger - INFO - UAV start-> (0,886) and end-> (1920,147) points localization
2025-01-24 20:43:27,238 - src.logger - INFO - UAV start-> (0,886) and end-> (1920,147) points localization
2025-01-24 20:45:05,084 - src.logger - INFO - UAV start-> (0,886) and end-> (1920,147) points localization
2025-01-24 20:46:37,830 - src.logger - INFO - UAV start-> (0,886) and end-> (1920,147) points localization
2025-01-25 09:37:46,564 - src.logger - INFO - UAV start-> (0,886) and end-> (1920,147) points localization
2025-01-25 09:38:42,608 - src.logger - INFO - UAV start-> (0,886) and end-> (1920,147) points localization
2025-01-25 09:39:05,733 - src.logger - INFO - UAV start-> (0,886) and end-> (1920,147) points localization
2025-01-25 09:40:29,745 - src.logger - INFO - UAV start-> (0,886) and end-> (1920,147) points localization
2025-01-25 09:41:19,713 - src.logger - INFO - UAV start-> (0,886) and end-> (1920,147) points localization
2025-01-25 09:42:04,432 - src.logger - INFO - UAV start-> (0,886) and end-> (1920,147) points localization
2025-01-25 09:43:47,664 - src.logger - INFO - UAV start-> (0,886) and end-> (1920,147) points localization
2025-01-25 09:44:29,881 - src.logger - INFO - MEAN EUCLIDEAN DISTANCEMean trajectory error: x->200.0; y->200.0Accumulated mean error: x->200.0; y->200.0Accumulated total error: x->18317098.0; y->10575793.0
2025-01-25 09:50:16,522 - src.logger - INFO - UAV start-> (0,886) and end-> (1920,147) points localization
2025-01-25 09:50:58,623 - src.logger - INFO - MEAN EUCLIDEAN DISTANCETotal Absoulte Error (TAE): x->18317098.0; y->10575793.0Mean Absoulte Error (MAE): x->13924935.512000008; y->10175470.424000008
2025-01-25 09:52:50,590 - src.logger - INFO - UAV start-> (0,886) and end-> (1920,147) points localization
2025-01-25 09:53:34,105 - src.logger - INFO - MEAN EUCLIDEAN DISTANCETotal Absoulte Error (TAE): x->18317098.0; y->10575793.0Mean Absoulte Error (MAE): x->15835690.00000003; y->7478787.000000001
2025-01-25 09:55:16,486 - src.logger - INFO - UAV start-> (0,886) and end-> (1920,147) points localization
2025-01-25 09:55:47,531 - src.logger - INFO - UAV start-> (0,886) and end-> (1920,147) points localization
2025-01-25 09:56:33,633 - src.logger - INFO - UAV start-> (0,886) and end-> (1920,147) points localization
2025-01-25 09:58:17,743 - src.logger - INFO - UAV start-> (0,886) and end-> (1920,147) points localization
2025-01-25 10:00:23,115 - src.logger - INFO - UAV start-> (0,886) and end-> (1920,147) points localization
2025-01-25 10:00:53,572 - src.logger - INFO - UAV start-> (0,886) and end-> (1920,147) points localization
2025-01-25 10:04:59,453 - src.logger - INFO - UAV start-> (0,886) and end-> (1920,147) points localization
2025-01-25 10:05:05,175 - src.logger - INFO - UAV start-> (0,886) and end-> (1920,147) points localization
2025-01-25 10:05:36,477 - src.logger - INFO - UAV start-> (0,886) and end-> (1920,147) points localization
2025-01-25 10:06:32,694 - src.logger - INFO - UAV start-> (0,886) and end-> (1920,147) points localization
2025-01-25 10:07:11,889 - src.logger - INFO - UAV start-> (0,886) and end-> (1920,147) points localization
2025-01-25 10:08:44,960 - src.logger - INFO - UAV start-> (0,886) and end-> (1920,147) points localization
2025-01-25 10:09:39,615 - src.logger - INFO - UAV start-> (0,886) and end-> (1920,147) points localization
2025-01-25 10:10:48,264 - src.logger - INFO - UAV start-> (0,886) and end-> (1920,147) points localization
2025-01-25 10:12:30,608 - src.logger - INFO - UAV start-> (0,886) and end-> (1920,147) points localization
2025-01-25 10:15:01,618 - src.logger - INFO - UAV start-> (0,886) and end-> (1920,147) points localization
2025-01-25 10:15:45,095 - src.logger - INFO - UAV start-> (0,886) and end-> (1920,147) points localization
2025-01-25 10:16:24,969 - src.logger - INFO - MEAN EUCLIDEAN DISTANCETotal Absoulte Error (TAE): x->18317098.0; y->10575793.0Mean Absoulte Error (MAE): x->15835690.00000003; y->7478787.000000001
2025-01-25 10:16:55,322 - src.logger - INFO - UAV start-> (0,886) and end-> (1920,147) points localization
2025-01-25 10:17:35,703 - src.logger - INFO - MEAN EUCLIDEAN DISTANCETotal Absoulte Error (TAE): x->18317098.0; y->10575793.0Mean Absoulte Error (MAE): x->15835690.00000003; y->7478787.000000001
2025-01-25 10:20:28,437 - src.logger - INFO - UAV start-> (0,886) and end-> (1920,147) points localization
2025-01-25 10:21:36,656 - src.logger - INFO - UAV start-> (0,886) and end-> (1920,147) points localization
2025-01-25 10:22:11,265 - src.logger - INFO - MEAN EUCLIDEAN DISTANCETotal Absoulte Error (TAE): x->18317098.0; y->10575793.0Mean Absoulte Error (MAE): x->15835690.00000003; y->7478787.000000001
2025-01-25 10:23:43,039 - src.logger - INFO - UAV start-> (0,886) and end-> (1920,147) points localization
2025-01-25 10:25:54,209 - src.logger - INFO - UAV start-> (0,886) and end-> (1920,147) points localization
2025-01-25 10:26:36,458 - src.logger - INFO - UAV start-> (0,886) and end-> (1920,147) points localization
2025-01-25 10:27:02,866 - src.logger - INFO - UAV start-> (0,886) and end-> (1920,147) points localization
2025-01-25 10:27:25,540 - src.logger - INFO - UAV start-> (0,886) and end-> (1920,147) points localization
2025-01-25 10:28:04,264 - src.logger - INFO - MEAN EUCLIDEAN DISTANCETotal Absoulte Error (TAE): x->18317098.0; y->10575793.0Mean Absoulte Error (MAE): x->15835690.00000003; y->7478787.000000001
2025-01-25 10:28:23,912 - src.logger - INFO - UAV start-> (0,886) and end-> (1920,147) points localization
2025-01-25 10:29:29,034 - src.logger - INFO - UAV start-> (0,886) and end-> (1920,147) points localization
2025-01-25 10:30:04,980 - src.logger - INFO - MEAN EUCLIDEAN DISTANCETotal Absoulte Error (TAE): x->18317098.0; y->10575793.0Mean Absoulte Error (MAE): x->15835690.00000003; y->7478787.000000001
2025-01-25 10:52:54,932 - src.logger - INFO - UAV start-> (0,886) and end-> (1920,147) points localization
2025-01-25 10:53:34,575 - src.logger - INFO - MEAN EUCLIDEAN DISTANCETotal Absoulte Error (TAE): x->18317098.0; y->10575793.0Mean Absoulte Error (MAE): x->15835690.00000003; y->7478787.000000001
2025-01-25 10:53:45,735 - src.logger - INFO - UAV start-> (0,886) and end-> (1920,147) points localization
2025-01-25 10:53:52,707 - src.logger - INFO - UAV start-> (0,886) and end-> (1920,147) points localization
2025-01-25 10:54:28,365 - src.logger - INFO - MEAN EUCLIDEAN DISTANCETotal Absoulte Error (TAE): x->18317098.0; y->10575793.0Mean Absoulte Error (MAE): x->15835690.00000003; y->7478787.000000001
2025-01-25 10:54:58,850 - src.logger - INFO - UAV start-> (0,886) and end-> (1920,147) points localization
2025-01-25 10:55:36,241 - src.logger - INFO - MEAN EUCLIDEAN DISTANCETotal Absoulte Error (TAE): x->18317098.0; y->10575793.0Mean Absoulte Error (MAE): x->15835690.00000003; y->7478787.000000001
2025-01-25 10:56:15,253 - src.logger - INFO - UAV start-> (0,886) and end-> (1920,147) points localization
2025-01-25 10:56:51,210 - src.logger - INFO - MEAN EUCLIDEAN DISTANCETotal Absoulte Error (TAE): x->18317098.0; y->10575793.0Mean Absoulte Error (MAE): x->15835690.00000003; y->7478787.000000001
2025-01-25 11:00:57,545 - src.logger - INFO - UAV start-> (0,886) and end-> (1920,147) points localization
2025-01-25 11:01:45,177 - src.logger - INFO - UAV start-> (0,886) and end-> (1920,147) points localization
2025-01-25 11:02:21,861 - src.logger - INFO - UAV start-> (0,886) and end-> (1920,147) points localization
2025-01-25 11:02:57,692 - src.logger - INFO - UAV start-> (0,886) and end-> (1920,147) points localization
2025-01-25 11:04:16,154 - src.logger - INFO - UAV start-> (0,886) and end-> (1920,147) points localization
2025-01-25 11:04:57,948 - src.logger - INFO - UAV start-> (0,886) and end-> (1920,147) points localization
2025-01-25 11:05:17,800 - src.logger - INFO - UAV start-> (0,886) and end-> (1920,147) points localization
2025-01-25 11:05:55,436 - src.logger - INFO - UAV start-> (0,886) and end-> (1920,147) points localization
2025-01-25 11:06:40,407 - src.logger - INFO - UAV start-> (0,886) and end-> (1920,147) points localization
2025-01-25 11:07:14,810 - src.logger - INFO - MEAN EUCLIDEAN DISTANCETotal Absoulte Error (TAE): x->18317098.0; y->10575793.0
Mean Absoulte Error (MAE): x->15835690.00000003; y->7478787.000000001
2025-01-25 11:08:03,368 - src.logger - INFO - UAV start-> (0,886) and end-> (1920,147) points localization
2025-01-25 11:10:05,612 - src.logger - INFO - UAV start-> (0,886) and end-> (1920,147) points localization
2025-01-25 11:10:50,150 - src.logger - INFO - UAV start-> (0,886) and end-> (1920,147) points localization
2025-01-25 11:12:17,473 - src.logger - INFO - UAV start-> (0,886) and end-> (1920,147) points localization
2025-01-25 11:12:53,679 - src.logger - INFO - MEAN EUCLIDEAN DISTANCETotal Absoulte Error (TAE): x->18317098.0; y->10575793.0
Mean Absoulte Error (MAE): x->15835690.00000003; y->7478787.000000001
2025-01-25 11:13:29,151 - src.logger - INFO - UAV start-> (0,886) and end-> (1920,147) points localization
2025-01-25 11:14:04,817 - src.logger - INFO - MEAN EUCLIDEAN DISTANCETotal Absoulte Error (TAE): x->18317098.0; y->10575793.0
Mean Absoulte Error (MAE): x->15835690.00000003; y->7478787.000000001
2025-01-25 11:20:13,963 - src.logger - INFO - UAV start-> (0,886) and end-> (1920,147) points localization
2025-01-25 11:20:46,492 - src.logger - INFO - UAV start-> (0,886) and end-> (1920,147) points localization
2025-01-25 11:20:51,974 - src.logger - INFO - UAV start-> (0,886) and end-> (1920,147) points localization
2025-01-25 11:21:10,705 - src.logger - INFO - UAV start-> (0,886) and end-> (1920,147) points localization
2025-01-25 11:21:21,151 - src.logger - INFO - UAV start-> (0,886) and end-> (1920,147) points localization
2025-01-25 11:21:46,270 - src.logger - INFO - UAV start-> (0,886) and end-> (1920,147) points localization
2025-01-25 11:22:24,514 - src.logger - INFO - MEAN EUCLIDEAN DISTANCETotal Absoulte Error (TAE): x->18317098.0; y->10575793.0
Mean Absoulte Error (MAE): x->15835690.00000003; y->7478787.000000001
2025-01-25 11:23:10,298 - src.logger - INFO - UAV start-> (0,886) and end-> (1920,147) points localization
2025-01-25 11:23:38,260 - src.logger - INFO - UAV start-> (0,886) and end-> (1920,147) points localization
2025-01-25 11:24:17,474 - src.logger - INFO - MEAN EUCLIDEAN DISTANCETotal Absoulte Error (TAE): x->18317098.0; y->10575793.0
Mean Absoulte Error (MAE): x->15835690.00000003; y->7478787.000000001
2025-01-25 11:24:37,958 - src.logger - INFO - UAV start-> (0,886) and end-> (1920,147) points localization
2025-01-25 11:27:21,910 - src.logger - INFO - UAV start-> (0,886) and end-> (1920,147) points localization
2025-01-25 11:28:22,917 - src.logger - INFO - UAV start-> (0,886) and end-> (1920,147) points localization
2025-01-25 11:28:58,244 - src.logger - INFO - UAV start-> (0,41) and end-> (1920,615) points localization
2025-01-25 11:29:32,721 - src.logger - INFO - MEAN EUCLIDEAN DISTANCETotal Absoulte Error (TAE): x->9315271.0; y->5790057.0
Mean Absoulte Error (MAE): x->6832636.999999993; y->3276469.0000000033
2025-01-25 11:29:35,334 - src.logger - INFO - UAV start-> (0,250) and end-> (1920,547) points localization
2025-01-25 11:30:12,350 - src.logger - INFO - MEAN EUCLIDEAN DISTANCETotal Absoulte Error (TAE): x->24089454.0; y->10588158.0
Mean Absoulte Error (MAE): x->21615537.99999994; y->5939668.000000005
2025-01-25 11:30:15,399 - src.logger - INFO - UAV start-> (0,295) and end-> (1920,357) points localization
2025-01-25 11:30:53,023 - src.logger - INFO - MEAN EUCLIDEAN DISTANCETotal Absoulte Error (TAE): x->23611332.0; y->10818988.0
Mean Absoulte Error (MAE): x->20956222.000000022; y->5040355.999999998
2025-01-25 11:31:30,585 - src.logger - INFO - UAV start-> (0,824) and end-> (1920,766) points localization
2025-01-25 11:32:58,458 - src.logger - INFO - MEAN EUCLIDEAN DISTANCETotal Absoulte Error (TAE): x->28321603.0; y->19850675.0
Mean Absoulte Error (MAE): x->21614763.000000022; y->11321777.00000001
